../Core/Analog_libs/src/comm.c:101:13:writeRegister	40	static
../Core/Analog_libs/src/comm.c:132:13:checkPecFault	16	static
../Core/Analog_libs/src/comm.c:140:13:calculateStats	48	static
../Core/Analog_libs/src/comm.c:169:13:resetConfig	32	static
../Core/Analog_libs/src/comm.c:186:19:bms_init	24	static
../Core/Analog_libs/src/comm.c:232:6:bms_setGpo45	24	static
../Core/Analog_libs/src/comm.c:243:6:bms_startAdcvCont	16	static
../Core/Analog_libs/src/comm.c:255:13:parseVoltage	48	static
../Core/Analog_libs/src/comm.c:280:13:initCmdTable	144	static
../Core/Analog_libs/src/comm.c:296:19:readCellVoltage	32	static
../Core/Analog_libs/src/comm.c:318:19:readRegister	32	static
../Core/Analog_libs/src/comm.c:337:19:auxMeasurement	48	static
../Core/Analog_libs/src/comm.c:394:6:startDischarge	32	static
../Core/Analog_libs/src/comm.c:409:6:stopDischarge	16	static
../Core/Analog_libs/src/comm.c:417:19:balancingMeasurementVoltage	8	static
../Core/Analog_libs/src/comm.c:426:6:startBalancing	24	static
../Core/Analog_libs/src/comm.c:434:19:checkVoltage	8	static
../Core/Analog_libs/src/comm.c:439:19:checkTemp	8	static
../Core/Analog_libs/src/comm.c:443:19:checkCur	4	static
../Core/Analog_libs/src/comm.c:444:19:checkCommsFault	4	static
../Core/Analog_libs/src/comm.c:449:6:bms_reset	8	static
../Core/Analog_libs/src/comm.c:460:19:programLoop	24	static
../Core/Analog_libs/src/comm.c:516:6:BMS_EnableBalancing	16	static
../Core/Analog_libs/src/comm.c:517:6:BMS_ToggleBalancing	4	static
../Core/Analog_libs/src/comm.c:518:6:BMS_IsCharging	4	static
../Core/Analog_libs/src/comm.c:519:6:BMS_EnableCharging	16	static
../Core/Analog_libs/src/comm.c:520:6:BMS_ChargingButtonLogic	4	static
../Core/Analog_libs/src/comm.c:522:6:BMS_SetCommsFault	16	static
../Core/Analog_libs/src/comm.c:527:6:BMS_WriteFaultSignal	16	static
../Core/Analog_libs/src/comm.c:544:6:BMS_GetCanData	80	static
../Core/Analog_libs/src/comm.c:587:6:getCanData	16	static
../Core/Analog_libs/src/comm.c:590:19:readV	4	static
../Core/Analog_libs/src/comm.c:591:19:readCurrent	4	static
