../Core/Analog_libs/src/mcu_wrapper.c:39:6:bmsCsLow	8	static
../Core/Analog_libs/src/mcu_wrapper.c:43:6:bmsCsHigh	8	static
../Core/Analog_libs/src/mcu_wrapper.c:50:6:startTimer	8	static
../Core/Analog_libs/src/mcu_wrapper.c:54:6:stopTimer	8	static
../Core/Analog_libs/src/mcu_wrapper.c:59:10:getTimCount	4	static
../Core/Analog_libs/src/mcu_wrapper.c:67:6:bmsWakeupIc	24	static
../Core/Analog_libs/src/mcu_wrapper.c:79:6:Delay_ms	16	static
../Core/Analog_libs/src/mcu_wrapper.c:83:6:delayUs	16	static
../Core/Analog_libs/src/mcu_wrapper.c:94:6:delayMsActive	24	static
../Core/Analog_libs/src/mcu_wrapper.c:106:6:spiWriteBytes	16	static
../Core/Analog_libs/src/mcu_wrapper.c:110:6:spiWriteReadBytes	24	static
../Core/Analog_libs/src/mcu_wrapper.c:115:6:spiReadBytes	16	static
