../Core/Src/main.c:28:6:select_mux_channel	16	static
../Core/Src/main.c:35:10:read_adc	8	static
../Core/Src/main.c:42:7:voltage_to_temperature	304	static
../Core/Src/main.c:83:6:send_address_claim	56	static
../Core/Src/main.c:100:6:send_thermistor_summary	80	static
../Core/Src/main.c:129:5:main	48	static
../Core/Src/main.c:224:6:SystemClock_Config	88	static
../Core/Src/main.c:266:13:MX_ADC1_Init	56	static
../Core/Src/main.c:320:13:MX_FDCAN1_Init	8	static
../Core/Src/main.c:351:13:MX_GPIO_Init	48	static
../Core/Src/main.c:385:6:Error_Handler	4	static,ignoring_inline_asm
